../Core/Src/main.c:64:6:setTimer0	16	static
../Core/Src/main.c:69:6:timer_run_0	4	static
../Core/Src/main.c:90:6:turnOffAllMatrixColumn	8	static
../Core/Src/main.c:101:6:setMatrixRowData	16	static
../Core/Src/main.c:111:6:updateLEDMatrix	16	static
../Core/Src/main.c:144:6:shiftLeftMatrix	16	static
../Core/Src/main.c:158:5:main	8	static
../Core/Src/main.c:247:6:SystemClock_Config	72	static
../Core/Src/main.c:284:13:MX_TIM2_Init	32	static
../Core/Src/main.c:329:13:MX_GPIO_Init	40	static
../Core/Src/main.c:386:6:HAL_TIM_PeriodElapsedCallback	16	static
../Core/Src/main.c:398:6:Error_Handler	4	static,ignoring_inline_asm
