../Core/Src/main.c:64:6:setTimer0	1
../Core/Src/main.c:69:6:timer_run_0	3
../Core/Src/main.c:90:6:turnOffAllMatrixColumn	1
../Core/Src/main.c:101:6:setMatrixRowData	1
../Core/Src/main.c:111:6:updateLEDMatrix	9
../Core/Src/main.c:144:6:shiftLeftMatrix	2
../Core/Src/main.c:158:5:main	9
../Core/Src/main.c:247:6:SystemClock_Config	3
../Core/Src/main.c:284:13:MX_TIM2_Init	4
../Core/Src/main.c:329:13:MX_GPIO_Init	1
../Core/Src/main.c:386:6:HAL_TIM_PeriodElapsedCallback	1
../Core/Src/main.c:398:6:Error_Handler	1
