../Core/Src/main.c:64:6:setTimer0	16	static
../Core/Src/main.c:69:6:timer_run_0	4	static
../Core/Src/main.c:90:6:turnOffAllMatrixColumn	8	static
../Core/Src/main.c:101:6:setMatrixRowData	16	static
../Core/Src/main.c:111:6:updateLEDMatrix	16	static
../Core/Src/main.c:149:5:main	8	static
../Core/Src/main.c:234:6:SystemClock_Config	72	static
../Core/Src/main.c:271:13:MX_TIM2_Init	32	static
../Core/Src/main.c:316:13:MX_GPIO_Init	40	static
../Core/Src/main.c:373:6:HAL_TIM_PeriodElapsedCallback	16	static
../Core/Src/main.c:385:6:Error_Handler	4	static,ignoring_inline_asm
