09:56:34 **** Incremental Build of configuration Debug for project Nucleo ****
make -j8 all 
arm-none-eabi-gcc "../Core/Src/main.c" -mcpu=cortex-m3 -std=gnu11 -g3 -DDEBUG -DUSE_HAL_DRIVER -DSTM32F103xB -c -I../Core/Inc -I../Drivers/STM32F1xx_HAL_Driver/Inc -I../Drivers/STM32F1xx_HAL_Driver/Inc/Legacy -I../Drivers/CMSIS/Device/ST/STM32F1xx/Include -I../Drivers/CMSIS/Include -O0 -ffunction-sections -fdata-sections -Wall -fstack-usage -fcyclomatic-complexity -MMD -MP -MF"Core/Src/main.d" -MT"Core/Src/main.o" --specs=nano.specs -mfloat-abi=soft -mthumb -o "Core/Src/main.o"
arm-none-eabi-gcc -o "Nucleo.elf" @"objects.list"   -mcpu=cortex-m3 -T"D:\A\nucle\STM32F103RBTX_FLASH.ld" --specs=nosys.specs -Wl,-Map="Nucleo.map" -Wl,--gc-sections -static --specs=nano.specs -mfloat-abi=soft -mthumb -Wl,--start-group -lc -lm -Wl,--end-group
Finished building target: Nucleo.elf
 
arm-none-eabi-size  Nucleo.elf 
arm-none-eabi-objdump -h -S Nucleo.elf  > "Nucleo.list"
arm-none-eabi-objcopy  -O ihex Nucleo.elf  "Nucleo.hex"
   text	   data	    bss	    dec	    hex	filename
   5680	     12	   1644	   7336	   1ca8	Nucleo.elf
arm-none-eabi-objcopy  -O binary Nucleo.elf  "Nucleo.bin"
Finished building: default.size.stdout
 
Finished building: Nucleo.hex
Finished building: Nucleo.bin
 
 
Finished building: Nucleo.list
 

09:56:35 Build Finished. 0 errors, 0 warnings. (took 763ms)

